L 07/13/2025 - 07:49:07: SourceMod log file session started (file "c:\users\rayan\downloads\servers\1\serverfiles\tf\addons\sourcemod\logs\L20250713.log") (Version "1.12.0.7210")
L 07/13/2025 - 07:49:07: [rtd.smx] Loaded 82 perks (41 good, 41 bad)
L 07/13/2025 - 07:50:40: Log file closed.
L 07/13/2025 - 08:13:49: SourceMod log file session started (file "c:\users\rayan\downloads\servers\1\serverfiles\tf\addons\sourcemod\logs\L20250713.log") (Version "1.12.0.7210")
L 07/13/2025 - 08:13:49: [rtd.smx] Loaded 82 perks (41 good, 41 bad)
L 07/13/2025 - 08:14:47: [mapchooser.smx] Starting map vote because outside request
L 07/13/2025 - 08:14:47: [mapchooser.smx] Voting for next map has started.
L 07/13/2025 - 08:14:52: [mapchooser.smx] Voting for next map has finished. Nextmap: harbl_hotel.
L 07/13/2025 - 08:14:54: [SM] Changed map to "harbl_hotel"
L 07/13/2025 - 08:14:56: -------- Mapchange to harbl_hotel --------
L 07/13/2025 - 08:20:46: -------- Mapchange to trade_abstract --------
L 07/13/2025 - 08:24:31: Log file closed.
L 07/13/2025 - 08:56:18: SourceMod log file session started (file "c:\users\rayan\downloads\servers\1\serverfiles\tf\addons\sourcemod\logs\L20250713.log") (Version "1.12.0.7210")
L 07/13/2025 - 08:56:18: [rtd.smx] Loaded 82 perks (41 good, 41 bad)
L 07/13/2025 - 09:00:18: [mapchooser.smx] Starting map vote because outside request
L 07/13/2025 - 09:00:18: [mapchooser.smx] Voting for next map has started.
L 07/13/2025 - 09:00:19: [mapchooser.smx] Voting for next map has finished. Nextmap: trade_abstract2.
L 07/13/2025 - 09:00:21: [SM] Changed map to "trade_abstract2"
L 07/13/2025 - 09:00:23: -------- Mapchange to trade_abstract2 --------
L 07/13/2025 - 09:03:31: [mapchooser.smx] Starting map vote because outside request
L 07/13/2025 - 09:03:31: [mapchooser.smx] Voting for next map has started.
L 07/13/2025 - 09:03:32: [mapchooser.smx] Voting for next map has finished. Nextmap: trade_abstract.
L 07/13/2025 - 09:03:34: [SM] Changed map to "trade_abstract"
L 07/13/2025 - 09:03:35: -------- Mapchange to trade_abstract --------
L 07/13/2025 - 09:09:35: [mapchooser.smx] Starting map vote because outside request
L 07/13/2025 - 09:09:35: [mapchooser.smx] Voting for next map has started.
L 07/13/2025 - 09:09:36: [mapchooser.smx] Voting for next map has finished. Nextmap: mario_kart_deluxe_v3.
L 07/13/2025 - 09:09:38: [SM] Changed map to "mario_kart_deluxe_v3"
L 07/13/2025 - 09:09:41: -------- Mapchange to mario_kart_deluxe_v3 --------
L 07/13/2025 - 09:41:42: Log file closed.
L 07/13/2025 - 17:27:36: SourceMod log file session started (file "c:\users\rayan\downloads\servers\1\serverfiles\tf\addons\sourcemod\logs\L20250713.log") (Version "1.12.0.7210")
L 07/13/2025 - 17:27:36: [rtd.smx] Loaded 82 perks (41 good, 41 bad)
L 07/13/2025 - 17:32:53: [mapchooser.smx] Starting map vote because outside request
L 07/13/2025 - 17:32:53: [mapchooser.smx] Voting for next map has started.
L 07/13/2025 - 17:32:55: [mapchooser.smx] Voting for next map has finished. Nextmap: mario_kart_deluxe_v3.
L 07/13/2025 - 17:32:57: [SM] Changed map to "mario_kart_deluxe_v3"
L 07/13/2025 - 17:33:00: -------- Mapchange to mario_kart_deluxe_v3 --------
L 07/13/2025 - 17:44:56: [mapchooser.smx] Starting map vote because outside request
L 07/13/2025 - 17:44:56: [mapchooser.smx] Voting for next map has started.
L 07/13/2025 - 17:45:06: [mapchooser.smx] Voting for next map has finished. Nextmap: trade_delirium.
L 07/13/2025 - 17:45:08: [SM] Changed map to "trade_delirium"
L 07/13/2025 - 17:45:12: -------- Mapchange to trade_delirium --------
L 07/13/2025 - 17:52:14: [funcommands.smx] "xaqt<2><[U:1:275900560]><>" toggled noclip on "xaqt<2><[U:1:275900560]><>"
L 07/13/2025 - 17:52:28: [funcommands.smx] "xaqt<2><[U:1:275900560]><>" toggled noclip on "xaqt<2><[U:1:275900560]><>"
L 07/13/2025 - 17:56:48: [mapchooser.smx] Starting map vote because outside request
L 07/13/2025 - 17:56:48: [mapchooser.smx] Voting for next map has started.
L 07/13/2025 - 17:56:59: [mapchooser.smx] Voting for next map has finished. Nextmap: trade_abstract.
L 07/13/2025 - 17:57:01: [SM] Changed map to "trade_abstract"
L 07/13/2025 - 17:57:02: -------- Mapchange to trade_abstract --------
L 07/13/2025 - 17:58:02: [mapchooser.smx] Starting map vote because outside request
L 07/13/2025 - 17:58:02: [mapchooser.smx] Voting for next map has started.
L 07/13/2025 - 17:58:04: [mapchooser.smx] Voting for next map has finished. Nextmap: trade_abstract2.
L 07/13/2025 - 17:58:06: [SM] Changed map to "trade_abstract2"
L 07/13/2025 - 17:58:08: -------- Mapchange to trade_abstract2 --------
L 07/13/2025 - 17:59:38: [mapchooser.smx] Starting map vote because outside request
L 07/13/2025 - 17:59:38: [mapchooser.smx] Voting for next map has started.
L 07/13/2025 - 17:59:41: [mapchooser.smx] Voting for next map has finished. Nextmap: trade_houseofchaos2.
L 07/13/2025 - 17:59:43: [SM] Changed map to "trade_houseofchaos2"
L 07/13/2025 - 17:59:45: -------- Mapchange to trade_houseofchaos2 --------
L 07/13/2025 - 18:12:29: [mapchooser.smx] Starting map vote because outside request
L 07/13/2025 - 18:12:29: [mapchooser.smx] Voting for next map has started.
L 07/13/2025 - 18:12:48: [mapchooser.smx] Voting for next map has finished. Nextmap: trade_mall.
L 07/13/2025 - 18:12:50: [SM] Changed map to "trade_mall"
L 07/13/2025 - 18:12:53: -------- Mapchange to trade_mall --------
L 07/13/2025 - 18:21:28: [funcommands.smx] "xaqt<2><[U:1:275900560]><>" toggled noclip on "xaqt<2><[U:1:275900560]><>"
L 07/13/2025 - 18:21:38: [funcommands.smx] "xaqt<2><[U:1:275900560]><>" toggled noclip on "xaqt<2><[U:1:275900560]><>"
L 07/13/2025 - 19:10:53: [mapchooser.smx] Voting for next map has started.
L 07/13/2025 - 19:11:14: [mapchooser.smx] Voting for next map has finished. Nextmap: harbl_hotel.
L 07/13/2025 - 19:14:17: [SM] Changed map to "harbl_hotel"
L 07/13/2025 - 19:14:20: -------- Mapchange to harbl_hotel --------
L 07/13/2025 - 19:20:48: [funcommands.smx] "xaqt<2><[U:1:275900560]><>" toggled noclip on "xaqt<2><[U:1:275900560]><>"
L 07/13/2025 - 19:21:20: [funcommands.smx] "xaqt<2><[U:1:275900560]><>" toggled noclip on "xaqt<2><[U:1:275900560]><>"
L 07/13/2025 - 19:31:46: [mapchooser.smx] Starting map vote because outside request
L 07/13/2025 - 19:31:46: [mapchooser.smx] Voting for next map has started.
L 07/13/2025 - 19:32:06: [mapchooser.smx] Voting for next map has finished. Nextmap: trade_houseofchaos.
L 07/13/2025 - 19:32:08: [SM] Changed map to "trade_houseofchaos"
L 07/13/2025 - 19:32:10: -------- Mapchange to trade_houseofchaos --------
L 07/13/2025 - 19:34:23: [mapchooser.smx] Starting map vote because outside request
L 07/13/2025 - 19:34:23: [mapchooser.smx] Voting for next map has started.
L 07/13/2025 - 19:34:25: [mapchooser.smx] Voting for next map has finished. Nextmap: trade_coni.
L 07/13/2025 - 19:34:27: [SM] Changed map to "trade_coni"
L 07/13/2025 - 19:34:31: -------- Mapchange to trade_coni --------
L 07/13/2025 - 19:35:14: [mapchooser.smx] Starting map vote because outside request
L 07/13/2025 - 19:35:14: [mapchooser.smx] Voting for next map has started.
L 07/13/2025 - 19:35:26: [mapchooser.smx] Voting for next map has finished. 'No Change' was the winner
L 07/13/2025 - 19:47:20: [mapchooser.smx] Starting map vote because outside request
L 07/13/2025 - 19:47:20: [mapchooser.smx] Voting for next map has started.
L 07/13/2025 - 19:47:28: [mapchooser.smx] Voting for next map has finished. Nextmap: walmart_bettermeme_v13b.
L 07/13/2025 - 19:47:30: [SM] Changed map to "walmart_bettermeme_v13b"
L 07/13/2025 - 19:47:34: -------- Mapchange to walmart_bettermeme_v13b --------
L 07/13/2025 - 20:04:17: [mapchooser.smx] Starting map vote because outside request
L 07/13/2025 - 20:04:17: [mapchooser.smx] Voting for next map has started.
L 07/13/2025 - 20:04:22: [mapchooser.smx] Voting for next map has finished. Nextmap: trade_abstract.
L 07/13/2025 - 20:04:24: [SM] Changed map to "trade_abstract"
L 07/13/2025 - 20:04:25: -------- Mapchange to trade_abstract --------
L 07/13/2025 - 20:23:02: [mapchooser.smx] Starting map vote because outside request
L 07/13/2025 - 20:23:02: [mapchooser.smx] Voting for next map has started.
L 07/13/2025 - 20:23:23: [mapchooser.smx] Voting for next map has finished. Nextmap: trade_houseofchaos2.
L 07/13/2025 - 20:23:25: [SM] Changed map to "trade_houseofchaos2"
L 07/13/2025 - 20:23:27: -------- Mapchange to trade_houseofchaos2 --------
L 07/13/2025 - 20:58:14: Log file closed.
